
Allocating common symbols
Common symbol       size              file

detailshift         0x4               build/r_main.o
sidedef             0x8               build/r_bsp.o
sectors             0x8               build/p_setup.o
planezlight         0x8               build/r_plane.o
numflats            0x4               build/r_data.o
shootthing          0x8               build/p_map.o
pspritescale        0x4               build/r_things.o
castonmelee         0x4               build/f_finale.o
timingdemo          0x1               build/g_game.o
worldbottom         0x4               build/r_segs.o
tmflags             0x4               build/p_map.o
paused              0x1               build/g_game.o
topslope            0x4               build/p_sight.o
pixhighstep         0x4               build/r_segs.o
bmapwidth           0x4               build/p_setup.o
sprites             0x8               build/r_things.o
whichSkull          0x2               build/m_menu.o
skytexture          0x4               build/r_sky.o
totalitems          0x4               build/g_game.o
centery             0x4               build/r_main.o
projection          0x4               build/r_main.o
st_backing_screen   0x8               build/st_stuff.o
texturecolumnlump   0x8               build/r_data.o
rw_x                0x4               build/r_segs.o
ceilingplane        0x8               build/r_plane.o
sightcounts         0x8               build/p_sight.o
viewcos             0x4               build/r_main.o
linedef             0x8               build/r_bsp.o
finalecount         0x4               build/f_finale.o
vertexes            0x8               build/p_setup.o
fixedcolormap       0x8               build/r_main.o
transcolfunc        0x8               build/r_main.o
deathmatch_p        0x8               build/p_setup.o
dc_yl               0x4               build/r_draw.o
numlinespecials     0x2               build/p_spec.o
topfrac             0x4               build/r_segs.o
castnum             0x4               build/f_finale.o
ds_source           0x8               build/r_draw.o
tmceilingz          0x4               build/p_map.o
saveOldString       0x18              build/m_menu.o
texturecolumnofs    0x8               build/r_data.o
vissprites          0x2800            build/r_things.o
startmap            0x4               build/d_main.o
zlight              0x4000            build/r_main.o
extralight          0x4               build/r_main.o
bombdamage          0x4               build/p_map.o
starttime           0x4               build/g_game.o
screenvisible       0x1               build/i_video.o
linespeciallist     0x200             build/p_spec.o
bmaporgy            0x4               build/p_setup.o
lasttime            0x4               build/d_loop.o
numsides            0x4               build/p_setup.o
tmthing             0x8               build/p_map.o
blockmaplump        0x8               build/p_setup.o
hu_font             0x1f8             build/hu_stuff.o
openbottom          0x4               build/p_maputl.o
tmx                 0x4               build/p_map.o
skullAnimCounter    0x2               build/m_menu.o
activeplats         0xf0              build/p_plats.o
openrange           0x4               build/p_maputl.o
demoname            0x8               build/g_game.o
numbraintargets     0x4               build/p_enemy.o
cd_Error            0x4               build/i_cdmus.o
fuzzcolfunc         0x8               build/r_main.o
rejectmatrix        0x8               build/p_setup.o
textureheight       0x8               build/r_data.o
trace               0x10              build/p_maputl.o
floorfunc           0x8               build/r_plane.o
numpatches          0x4               build/r_data.o
lastopening         0x8               build/r_plane.o
rw_scale            0x4               build/r_segs.o
nofit               0x1               build/p_map.o
viewy               0x4               build/r_main.o
oldgamestate        0x4               build/g_game.o
viewangletox        0x4000            build/r_main.o
firstflat           0x4               build/r_data.o
opentop             0x4               build/p_maputl.o
bodyque             0x100             build/g_game.o
secondslidefrac     0x4               build/p_map.o
soundtarget         0x8               build/p_enemy.o
ceilingline         0x8               build/p_map.o
ds_x2               0x4               build/r_draw.o
visplanes           0x14c00           build/r_plane.o
netdemo             0x1               build/g_game.o
iwadfile            0x8               build/d_main.o
levelTimeCount      0x4               build/p_spec.o
framecount          0x4               build/r_main.o
swingy              0x4               build/p_pspr.o
d_skill             0x4               build/g_game.o
frontsector         0x8               build/r_bsp.o
numvertexes         0x4               build/p_setup.o
savegame_error      0x1               build/p_saveg.o
[...]
Memory Configuration

Name             Origin             Length             Attributes
*default*        0x0000000000000000 0xffffffffffffffff

Linker script and memory map

LOAD build/i_main.o
LOAD build/dummy.o
LOAD build/am_map.o
LOAD build/doomdef.o
LOAD build/doomstat.o
LOAD build/dstrings.o
LOAD build/d_event.o
LOAD build/d_items.o
LOAD build/d_iwad.o
LOAD build/d_loop.o
LOAD build/d_main.o
LOAD build/d_mode.o
LOAD build/d_net.o
LOAD build/f_finale.o
LOAD build/f_wipe.o
LOAD build/g_game.o
LOAD build/hu_lib.o
LOAD build/hu_stuff.o
LOAD build/info.o
LOAD build/i_cdmus.o
LOAD build/i_endoom.o
LOAD build/i_joystick.o
LOAD build/i_scale.o
LOAD build/i_sound.o
LOAD build/i_system.o
LOAD build/i_timer.o
LOAD build/memio.o
LOAD build/m_argv.o
LOAD build/m_bbox.o
LOAD build/m_cheat.o
LOAD build/m_config.o
LOAD build/m_controls.o
LOAD build/m_fixed.o
LOAD build/m_menu.o
LOAD build/m_misc.o
LOAD build/m_random.o
LOAD build/p_ceilng.o
LOAD build/p_doors.o
LOAD build/p_enemy.o
LOAD build/p_floor.o
LOAD build/p_inter.o
LOAD build/p_lights.o
LOAD build/p_map.o
LOAD build/p_maputl.o
LOAD build/p_mobj.o
LOAD build/p_plats.o
LOAD build/p_pspr.o
LOAD build/p_saveg.o
LOAD build/p_setup.o
LOAD build/p_sight.o
LOAD build/p_spec.o
LOAD build/p_switch.o
LOAD build/p_telept.o
LOAD build/p_tick.o
LOAD build/p_user.o
LOAD build/r_bsp.o
LOAD build/r_data.o
LOAD build/r_draw.o
LOAD build/r_main.o
LOAD build/r_plane.o
LOAD build/r_segs.o
LOAD build/r_sky.o
LOAD build/r_things.o
LOAD build/sha1.o
LOAD build/sounds.o
LOAD build/statdump.o
LOAD build/st_lib.o
LOAD build/st_stuff.o
LOAD build/s_sound.o
LOAD build/tables.o
LOAD build/v_video.o
LOAD build/wi_stuff.o
LOAD build/w_checksum.o
LOAD build/w_file.o
LOAD build/w_main.o
LOAD build/w_wad.o
LOAD build/z_zone.o
LOAD build/w_file_stdc.o
LOAD build/i_input.o
LOAD build/i_video.o
LOAD build/doomgeneric.o
LOAD build/doomgeneric_modoo.o
LOAD ../../libc/ctype.o
LOAD ../../libc/syscall.o
LOAD ../../libc/printf.o
LOAD ../../libc/stdlib.o
LOAD ../../libc/string.o
LOAD ../../libc/stdio.o
LOAD ../../libc/math.o
LOAD ../../libc/scanf.o
LOAD ../../libc/malloc.o
LOAD ../../libc/crt0.o
                [!provide]                        PROVIDE (__executable_start = SEGMENT_START ("text-segment", 0x400000))
                0x00000000004000b0                . = (SEGMENT_START ("text-segment", 0x400000) + SIZEOF_HEADERS)

.interp
 *(.interp)

.note.gnu.build-id
 *(.note.gnu.build-id)

.hash
 *(.hash)

.gnu.hash
 *(.gnu.hash)

.dynsym
 *(.dynsym)

.dynstr
 *(.dynstr)

.gnu.version
 *(.gnu.version)

.gnu.version_d
 *(.gnu.version_d)

.gnu.version_r
 *(.gnu.version_r)

.rela.dyn       0x00000000004000b0        0x0
 *(.rela.init)
 *(.rela.text .rela.text.* .rela.gnu.linkonce.t.*)
 .rela.text     0x00000000004000b0        0x0 build/i_main.o
 *(.rela.fini)
 *(.rela.rodata .rela.rodata.* .rela.gnu.linkonce.r.*)
 *(.rela.data .rela.data.* .rela.gnu.linkonce.d.*)
 .rela.data     0x00000000004000b0        0x0 build/i_main.o
 *(.rela.tdata .rela.tdata.* .rela.gnu.linkonce.td.*)
 *(.rela.tbss .rela.tbss.* .rela.gnu.linkonce.tb.*)
 *(.rela.ctors)
 *(.rela.dtors)
 *(.rela.got)
 .rela.got      0x00000000004000b0        0x0 build/i_main.o
 *(.rela.bss .rela.bss.* .rela.gnu.linkonce.b.*)
 *(.rela.ldata .rela.ldata.* .rela.gnu.linkonce.l.*)
 *(.rela.lbss .rela.lbss.* .rela.gnu.linkonce.lb.*)
 *(.rela.lrodata .rela.lrodata.* .rela.gnu.linkonce.lr.*)
 *(.rela.ifunc)

.rela.plt       0x00000000004000b0        0x0
 *(.rela.plt)
                [!provide]                        PROVIDE (__rela_iplt_start = .)
 *(.rela.iplt)
 .rela.iplt     0x00000000004000b0        0x0 build/i_main.o
                [!provide]                        PROVIDE (__rela_iplt_end = .)

.init
 *(SORT_NONE(.init))

.plt            0x00000000004000b0        0x0
 *(.plt)
 *(.iplt)
 .iplt          0x00000000004000b0        0x0 build/i_main.o

.plt.got
 *(.plt.got)

.plt.sec
 *(.plt.sec)

.text           0x00000000004000b0    0x42f35
 *(.text.unlikely .text.*_unlikely .text.unlikely.*)
 *(.text.exit .text.exit.*)
 *(.text.startup .text.startup.*)
 *(.text.hot .text.hot.*)
 *(.text .stub .text.* .gnu.linkonce.t.*)
 .text          0x00000000004000b0       0x4d build/i_main.o
                0x00000000004000b0                main
 .text          0x00000000004000fd        0x7 build/dummy.o
                0x00000000004000fd                I_InitTimidityConfig
 .text          0x0000000000400104     0x24b5 build/am_map.o
                0x0000000000400104                AM_getIslope
                0x00000000004001ac                AM_activateNewScale
                0x0000000000400297                AM_saveScaleAndLoc
                0x00000000004002ce                AM_restoreScaleAndLoc
                0x00000000004003bb                AM_addMark
                0x0000000000400448                AM_findMinMaxBoundaries
                0x0000000000400637                AM_changeWindowLoc
                0x00000000004007ca                AM_initVariables
                0x0000000000400973                AM_loadPics
                0x00000000004009d1                AM_unloadPics
                0x0000000000400a1c                AM_clearMarks
                0x0000000000400a50                AM_LevelInit
                0x0000000000400ae5                AM_Stop
                0x0000000000400b09                AM_Start
                0x0000000000400b71                AM_minOutWindowScale
                0x0000000000400ba1                AM_maxOutWindowScale
                0x0000000000400bd1                AM_Responder
                0x000000000040106e                AM_changeWindowScale
                0x00000000004010db                AM_doFollowPlayer
                0x0000000000401200                AM_updateLightLev
                0x0000000000401287                AM_Ticker
                0x00000000004012e7                AM_clearFB
                0x000000000040131b                AM_clipMline
                0x0000000000401828                AM_drawFline
                0x0000000000401a06                AM_drawMline
                0x0000000000401a3c                AM_drawGrid
                0x0000000000401b9d                AM_drawWalls
                0x0000000000401f60                AM_rotate
                0x0000000000402023                AM_drawLineCharacter
                0x0000000000402197                AM_drawPlayers
                0x0000000000402347                AM_drawThings
                0x00000000004023eb                AM_drawMarks
                0x00000000004024fc                AM_drawCrosshair
                0x0000000000402532                AM_Drawer
 .text          0x00000000004025b9        0x0 build/doomdef.o
 .text          0x00000000004025b9        0x0 build/doomstat.o
 .text          0x00000000004025b9        0x0 build/dstrings.o
 .text          0x00000000004025b9       0xc3 build/d_event.o
                0x00000000004025b9                D_PostEvent
                0x000000000040261a                D_PopEvent
 .text          0x000000000040267c        0x0 build/d_items.o
 .text          0x000000000040267c      0x7a3 build/d_iwad.o
                0x00000000004029b8                D_FindWADByName
                0x0000000000402aa6                D_TryFindWADByName
                0x0000000000402ad5                D_FindIWAD
                0x0000000000402bc4                D_FindAllIWADs
                0x0000000000402cb3                D_SaveGameIWADName
                0x0000000000402d11                D_SuggestIWADName
                0x0000000000402d95                D_SuggestGameName
 .text          0x0000000000402e1f      0x8e6 build/d_loop.o
                0x0000000000402ff6                NetUpdate
                0x00000000004030c6                D_ReceiveTic
                0x00000000004031d8                D_StartGameLoop
                0x00000000004031f3                D_StartNetGame
                0x0000000000403263                D_InitNetGame
                0x0000000000403295                D_QuitNetGame
                0x0000000000403480                TryRunTics
                0x00000000004036ef                D_RegisterLoopCallbacks
 .text          0x0000000000403705     0x1eac build/d_main.o
                0x0000000000403705                D_ProcessEvents
                0x000000000040374d                D_Display
                0x0000000000403b4c                D_BindVariables
                0x0000000000403c9a                D_GrabMouseCallback
                0x0000000000403d04                D_DoomLoop
                0x0000000000403de9                D_PageTicker
                0x0000000000403e0e                D_PageDrawer
                0x0000000000403e3b                D_AdvanceDemo
                0x0000000000403e49                D_DoAdvanceDemo
                0x000000000040407e                D_StartTitle
                0x00000000004042d7                D_IdentifyVersion
                0x0000000000404448                D_SetGameDescription
                0x000000000040463d                PrintDehackedBanners
                0x000000000040494f                PrintGameVersion
                0x0000000000404a45                D_DoomMain
 .text          0x00000000004055b1      0x295 build/d_mode.o
                0x00000000004055b1                D_ValidGameMode
                0x000000000040560a                D_ValidEpisodeMap
                0x00000000004056f9                D_GetNumEpisodes
                0x0000000000405735                D_ValidGameVersion
                0x00000000004057a9                D_IsEpisodeMap
                0x00000000004057e6                D_GameMissionString
 .text          0x0000000000405846      0x51b build/d_net.o
                0x0000000000405c07                D_ConnectNetGame
                0x0000000000405c45                D_CheckNetGame
 .text          0x0000000000405d61     0x11a8 build/f_finale.o
                0x0000000000405d61                F_StartFinale
                0x0000000000405ee1                F_Responder
                0x0000000000405f0d                F_Ticker
                0x0000000000406021                F_TextWrite
                0x00000000004061c1                F_StartCast
                0x0000000000406267                F_CastTicker
                0x0000000000406892                F_CastResponder
                0x000000000040698a                F_CastPrint
                0x0000000000406aa8                F_CastDrawer
                0x0000000000406baf                F_DrawPatchCol
                0x0000000000406c7c                F_BunnyScroll
                0x0000000000406ed3                F_Drawer
 .text          0x0000000000406f09      0x860 build/f_wipe.o
                0x0000000000406f09                wipe_shittyColMajorXform
                0x0000000000406fce                wipe_initColorXForm
                0x0000000000407009                wipe_doColorXForm
                0x0000000000407120                wipe_exitColorXForm
                0x0000000000407134                wipe_initMelt
                0x00000000004072db                wipe_doMelt
                0x0000000000407597                wipe_exitMelt
                0x00000000004075dc                wipe_StartScreen
                0x0000000000407621                wipe_EndScreen
                0x0000000000407683                wipe_ScreenWipe
 .text          0x0000000000407769     0x34c9 build/g_game.o
                0x0000000000407769                G_CmdChecksum
                0x0000000000407976                G_BuildTiccmd
                0x0000000000408293                G_DoLoadLevel
                0x000000000040860c                G_Responder
                0x0000000000408977                G_Ticker
                0x0000000000408e53                G_InitPlayer
                0x0000000000408e6b                G_PlayerFinishLevel
                0x0000000000408f1b                G_PlayerReborn
                0x00000000004090dc                G_CheckSpot
                0x0000000000409434                G_DeathMatchSpawnPlayer
                0x0000000000409539                G_DoReborn
                0x00000000004096c0                G_ScreenShot
                0x00000000004096d1                G_ExitLevel
                0x00000000004096e9                G_SecretExitLevel
                0x0000000000409723                G_DoCompleted
                0x0000000000409baf                G_WorldDone
                0x0000000000409c21                G_DoWorldDone
                0x0000000000409c57                G_LoadGame
                0x0000000000409c86                G_DoLoadGame
                0x0000000000409d6a                G_SaveGame
                0x0000000000409da2                G_DoSaveGame
                0x0000000000409da9                G_DeferedInitNew
                0x0000000000409dde                G_DoNewGame
                0x0000000000409e69                G_InitNew
                0x000000000040a153                G_ReadDemoTiccmd
                0x000000000040a30c                G_WriteDemoTiccmd
                0x000000000040a44b                G_RecordDemo
                0x000000000040a535                G_VanillaVersionCode
                0x000000000040a589                G_BeginRecording
                0x000000000040a72d                G_DeferedPlayDemo
                0x000000000040a81b                G_DoPlayDemo
                0x000000000040aa62                G_TimeDemo
                0x000000000040aaa9                G_CheckDemoStatus
 .text          0x000000000040ac32      0x960 build/hu_lib.o
                0x000000000040ac32                HUlib_init
                0x000000000040ac39                HUlib_clearTextLine
                0x000000000040ac62                HUlib_initTextLine
                0x000000000040acb4                HUlib_addCharToTextLine
                0x000000000040ad17                HUlib_delCharFromTextLine
                0x000000000040ad66                HUlib_drawTextLine
                0x000000000040aeda                HUlib_eraseTextLine
                0x000000000040afe5                HUlib_initSText
                0x000000000040b09f                HUlib_addLineToSText
                0x000000000040b157                HUlib_addMessageToSText
                0x000000000040b21c                HUlib_drawSText
                0x000000000040b2b1                HUlib_eraseSText
                0x000000000040b360                HUlib_initIText
                0x000000000040b3bf                HUlib_delCharFromIText
                0x000000000040b3ec                HUlib_eraseLineFromIText
                0x000000000040b41c                HUlib_resetIText
                0x000000000040b442                HUlib_addPrefixToIText
                0x000000000040b490                HUlib_keyInIText
                0x000000000040b4fa                HUlib_drawIText
                0x000000000040b536                HUlib_eraseIText
 .text          0x000000000040b592      0xa35 build/hu_stuff.o
                0x000000000040b592                HU_Init
                0x000000000040b5fa                HU_Stop
                0x000000000040b608                HU_Start
                0x000000000040b863                HU_Drawer
                0x000000000040b898                HU_Erase
                0x000000000040b8bd                HU_Ticker
                0x000000000040bb81                HU_queueChatChar
                0x000000000040bbdd                HU_dequeueChatChar
                0x000000000040bc21                HU_Responder
 .text          0x000000000040bfc7        0x0 build/info.o
 .text          0x000000000040bfc7       0x72 build/i_cdmus.o
                0x000000000040bfc7                I_CDMusInit
                0x000000000040bfd2                I_CDMusPrintStartup
                0x000000000040bfd9                I_CDMusPlay
                0x000000000040bfe7                I_CDMusStop
                0x000000000040bff2                I_CDMusResume
                0x000000000040bffd                I_CDMusSetVolume
                0x000000000040c015                I_CDMusFirstTrack
                0x000000000040c020                I_CDMusLastTrack
                0x000000000040c02b                I_CDMusTrackLength
 .text          0x000000000040c039        0xb build/i_endoom.o
                0x000000000040c039                I_Endoom
 .text          0x000000000040c044       0xeb build/i_joystick.o
                0x000000000040c044                I_ShutdownJoystick
                0x000000000040c04b                I_InitJoystick
                0x000000000040c052                I_UpdateJoystick
                0x000000000040c059                I_BindJoystickVariables
 .text          0x000000000040c12f     0x2f89 build/i_scale.o
                0x000000000040c12f                I_InitScale
                0x000000000040ceae                I_ResetScaleTables
 .text          0x000000000040f0b8      0x605 build/i_sound.o
                0x000000000040f239                I_InitSound
                0x000000000040f2e4                I_ShutdownSound
                0x000000000040f31d                I_GetSfxLumpNum
                0x000000000040f352                I_UpdateSound
                0x000000000040f402                I_UpdateSoundParams
                0x000000000040f450                I_StartSound
                0x000000000040f4ab                I_StopSound
                0x000000000040f4d7                I_SoundIsPlaying
                0x000000000040f509                I_PrecacheSounds
                0x000000000040f550                I_InitMusic
                0x000000000040f557                I_ShutdownMusic
                0x000000000040f55e                I_SetMusicVolume
                0x000000000040f58a                I_PauseSong
                0x000000000040f5aa                I_ResumeSong
                0x000000000040f5ca                I_RegisterSong
                0x000000000040f607                I_UnRegisterSong
                0x000000000040f636                I_PlaySong
                0x000000000040f670                I_StopSong
                0x000000000040f690                I_MusicIsPlaying
                0x000000000040f6b6                I_BindSoundVariables
 .text          0x000000000040f6bd      0x855 build/i_system.o
                0x000000000040f6bd                I_AtExit
                0x000000000040f70f                I_Tactile
                0x000000000040f791                I_ZoneBase
                0x000000000040f82b                I_PrintBanner
                0x000000000040f880                I_PrintDivider
                0x000000000040f8b2                I_PrintStartupBanner
                0x000000000040f8eb                I_ConsoleStdout
                0x000000000040f8f6                I_Quit
                0x000000000040fa9d                I_Error
                0x000000000040fc8b                I_GetMemoryValue
 .text          0x000000000040ff12       0xaf build/i_timer.o
                0x000000000040ff12                I_GetTicks
                0x000000000040ff22                I_GetTime
                0x000000000040ff66                I_GetTimeMS
                0x000000000040ff98                I_Sleep
                0x000000000040ffb0                I_WaitVBL
                0x000000000040ffba                I_InitTimer
 .text          0x000000000040ffc1      0x3fe build/memio.o
                0x000000000040ffc1                mem_fopen_read
                0x000000000041001c                mem_fread
                0x00000000004100ff                mem_fopen_write
                0x0000000000410173                mem_fwrite
                0x00000000004102a6                mem_get_buf
                0x00000000004102d6                mem_fclose
                0x000000000041030c                mem_ftell
                0x000000000041031f                mem_fseek
 .text          0x00000000004103bf      0x134 build/m_argv.o
                0x00000000004103bf                M_CheckParmWithArgs
                0x000000000041041f                M_ParmExists
                0x000000000041043e                M_CheckParm
                0x0000000000410467                M_FindResponseFile
                0x00000000004104b3                M_GetExecutableName
 .text          0x00000000004104f3       0xb8 build/m_bbox.o
                0x00000000004104f3                M_ClearBox
                0x000000000041052e                M_AddToBox
 .text          0x00000000004105ab      0x15e build/m_cheat.o
                0x00000000004105ab                cht_CheckCheat
                0x00000000004106d5                cht_GetParam
 .text          0x0000000000410709      0x6c1 build/m_config.o
                0x00000000004108ec                M_SetConfigFilenames
                0x0000000000410911                M_SaveDefaults
                0x000000000041092c                M_SaveDefaultsAlternate
                0x0000000000410986                M_LoadDefaults
                0x0000000000410b1c                M_BindVariable
                0x0000000000410b53                M_SetVariable
                0x0000000000410baa                M_GetIntVariable
                0x0000000000410c06                M_GetStrVariable
                0x0000000000410c58                M_GetFloatVariable
                0x0000000000410cd8                M_SetConfigDir
                0x0000000000410d47                M_GetSaveGameDir
 .text          0x0000000000410dca      0x795 build/m_controls.o
                0x0000000000410dca                M_BindBaseControls
                0x0000000000410f66                M_BindHereticControls
                0x0000000000410ff4                M_BindHexenControls
                0x00000000004110a0                M_BindStrifeControls
                0x00000000004111d3                M_BindWeaponControls
                0x00000000004112ac                M_BindMapControls
                0x0000000000411367                M_BindMenuControls
                0x00000000004114e5                M_BindChatControls
                0x0000000000411558                M_ApplyPlatformDefaults
 .text          0x000000000041155f       0x86 build/m_fixed.o
                0x000000000041155f                FixedMul
                0x000000000041157e                FixedDiv
 .text          0x00000000004115e5     0x27b6 build/m_menu.o
                0x00000000004115e5                M_ReadSaveStrings
                0x00000000004116e2                M_DrawLoad
                0x000000000041177e                M_DrawSaveLoadBorder
                0x0000000000411815                M_LoadSelect
                0x0000000000411864                M_LoadGame
                0x00000000004118a1                M_DrawSave
                0x000000000041199e                M_DoSave
                0x00000000004119ec                M_SaveSelect
                0x0000000000411aa5                M_SaveGame
                0x0000000000411af2                M_QuickSaveResponse
                0x0000000000411b27                M_QuickSave
                0x0000000000411bd2                M_QuickLoadResponse
                0x0000000000411c07                M_QuickLoad
                0x0000000000411c9a                M_DrawReadThis1
                0x0000000000411d84                M_DrawReadThis2
                0x0000000000411db3                M_DrawSound
                0x0000000000411e29                M_Sound
                0x0000000000411e41                M_SfxVol
                0x0000000000411ea8                M_MusicVol
                0x0000000000411f0f                M_DrawMainMenu
                0x0000000000411f37                M_DrawNewGame
                0x0000000000411f80                M_NewGame
                0x0000000000411fe8                M_DrawEpisode
                0x0000000000412010                M_VerifyNightmare
                0x000000000041204a                M_ChooseSkill
                0x0000000000412092                M_Episode
                0x000000000041210e                M_DrawOptions
                0x0000000000412204                M_Options
                0x000000000041221c                M_ChangeMessages
                0x000000000041228d                M_EndGameResponse
                0x00000000004122c4                M_EndGame
                0x000000000041232c                M_ReadThis
                0x000000000041234b                M_ReadThis2
                0x000000000041238d                M_FinishReadThis
                0x00000000004123ac                M_QuitResponse
                0x0000000000412490                M_QuitDOOM
                0x00000000004124d3                M_ChangeSensitivity
                0x0000000000412526                M_ChangeDetail
                0x00000000004125a9                M_SizeDisplay
                0x0000000000412633                M_DrawThermo
                0x00000000004126fc                M_DrawEmptyCell
                0x0000000000412749                M_DrawSelCell
                0x0000000000412796                M_StartMessage
                0x00000000004127eb                M_StopMessage
                0x000000000041280d                M_StringWidth
                0x000000000041288a                M_StringHeight
                0x00000000004128e9                M_WriteText
                0x00000000004129eb                M_Responder
                0x00000000004138f8                M_StartControlPanel
                0x0000000000413930                M_Drawer
                0x0000000000413c15                M_ClearMenus
                0x0000000000413c23                M_SetupNextMenu
                0x0000000000413c4b                M_Ticker
                0x0000000000413c89                M_Init
 .text          0x0000000000413d9b      0xb07 build/m_misc.o
                0x0000000000413d9b                M_MakeDirectory
                0x0000000000413da6                M_FileExists
                0x0000000000413de8                M_FileLength
                0x0000000000413e48                M_WriteFile
                0x0000000000413ebe                M_ReadFile
                0x0000000000413f7f                M_TempFile
                0x0000000000413fb4                M_StrToInt
                0x0000000000414051                M_ExtractFileBase
                0x0000000000414131                M_ForceUppercase
                0x0000000000414174                M_StrCaseStr
                0x0000000000414202                M_StringDuplicate
                0x0000000000414249                M_StringReplace
                0x00000000004143a4                M_StringCopy
                0x0000000000414418                M_StringConcat
                0x0000000000414475                M_StringStartsWith
                0x00000000004144e2                M_StringEndsWith
                0x0000000000414564                M_StringJoin
                0x0000000000414777                M_vsnprintf
                0x00000000004147ea                M_snprintf
 .text          0x00000000004148a2       0x71 build/m_random.o
                0x00000000004148a2                P_Random
                0x00000000004148cc                M_Random
                0x00000000004148f6                M_ClearRandom
 .text          0x0000000000414913      0x60c build/p_ceilng.o
                0x0000000000414913                T_MoveCeiling
                0x0000000000414b29                EV_DoCeiling
                0x0000000000414d06                P_AddActiveCeiling
                0x0000000000414d48                P_RemoveActiveCeiling
                0x0000000000414dbf                P_ActivateInStasisCeiling
                0x0000000000414e5a                EV_CeilingCrushStop
 .text          0x0000000000414f1f      0xca0 build/p_doors.o
                0x0000000000414f1f                T_VerticalDoor
                0x000000000041523d                EV_DoLockedDoor
                0x00000000004153d3                EV_DoDoor
                0x0000000000415674                EV_VerticalDoor
                0x0000000000415a70                P_SpawnDoorCloseIn30
                0x0000000000415afd                P_SpawnDoorRaiseIn5Mins
 .text          0x0000000000415bbf     0x363d build/p_enemy.o
                0x0000000000415bbf                P_RecursiveSound
                0x0000000000415d51                P_NoiseAlert
                0x0000000000415d96                P_CheckMeleeRange
                0x0000000000415e47                P_CheckMissileRange
                0x0000000000415fe3                P_Move
                0x00000000004161e2                P_TryWalk
                0x0000000000416223                P_NewChaseDir
                0x00000000004164fa                P_LookForPlayers
                0x0000000000416690                A_KeenDie
                0x0000000000416732                A_Look
                0x00000000004168cf                A_Chase
                0x0000000000416c6b                A_FaceTarget
                0x0000000000416d26                A_PosAttack
                0x0000000000416dfd                A_SPosAttack
                0x0000000000416eee                A_CPosAttack
                0x0000000000416fcc                A_CPosRefire
                0x0000000000417057                A_SpidRefire
                0x00000000004170e2                A_BspiAttack
                0x000000000041712e                A_TroopAttack
                0x00000000004171db                A_SargAttack
                0x000000000041726d                A_HeadAttack
                0x0000000000417327                A_CyberAttack
                0x0000000000417373                A_BruisAttack
                0x0000000000417417                A_SkelMissile
                0x00000000004174d7                A_Tracer
                0x000000000041778d                A_SkelWhoosh
                0x00000000004177cb                A_SkelFist
                0x0000000000417877                PIT_VileCheck
                0x00000000004179c7                A_VileChase
                0x0000000000417c06                A_VileStart
                0x0000000000417c26                A_StartFire
                0x0000000000417c52                A_FireCrackle
                0x0000000000417c7e                A_Fire
                0x0000000000417d71                A_VileTarget
                0x0000000000417e1c                A_VileAttack
                0x0000000000417f85                A_FatRaise
                0x0000000000417fb1                A_FatAttack1
                0x00000000004180aa                A_FatAttack2
                0x00000000004181a3                A_FatAttack3
                0x000000000041830b                A_SkullAttack
                0x0000000000418455                A_PainShootSkull
                0x00000000004185d1                A_PainAttack
                0x0000000000418613                A_PainDie
                0x000000000041867f                A_Scream
                0x0000000000418757                A_XScream
                0x0000000000418777                A_Pain
                0x00000000004187b4                A_Fall
                0x00000000004187d8                A_Explode
                0x0000000000418931                A_BossDeath
                0x0000000000418b46                A_Hoof
                0x0000000000418b72                A_Metal
                0x0000000000418b9e                A_BabyMetal
                0x0000000000418bca                A_OpenShotgun2
                0x0000000000418bf1                A_LoadShotgun2
                0x0000000000418c18                A_CloseShotgun2
                0x0000000000418c52                A_BrainAwake
                0x0000000000418cff                A_BrainPain
                0x0000000000418d1d                A_BrainScream
                0x0000000000418e01                A_BrainExplode
                0x0000000000418ecc                A_BrainDie
                0x0000000000418ee0                A_BrainSpit
                0x0000000000418fc0                A_SpawnSound
                0x0000000000418fec                A_SpawnFly
                0x00000000004191b4                A_PlayerScream
 .text          0x00000000004191fc      0xd8b build/p_floor.o
                0x00000000004191fc                T_MovePlane
                0x0000000000419566                T_MoveFloor
                0x000000000041969f                EV_DoFloor
                0x0000000000419ccf                EV_BuildStairs
 .text          0x0000000000419f87     0x1993 build/p_inter.o
                0x0000000000419f87                P_GiveAmmo
                0x000000000041a1c5                P_GiveWeapon
                0x000000000041a3b7                P_GiveBody
                0x000000000041a41a                P_GiveArmor
                0x000000000041a45c                P_GiveCard
                0x000000000041a496                P_GivePower
                0x000000000041a5c8                P_TouchSpecialThing
                0x000000000041b0bb                P_KillMobj
                0x000000000041b429                P_DamageMobj
 .text          0x000000000041b91a      0x78a build/p_lights.o
                0x000000000041b91a                T_FireFlicker
                0x000000000041b9ac                P_SpawnFireFlicker
                0x000000000041ba41                T_LightFlash
                0x000000000041bae0                P_SpawnLightFlash
                0x000000000041bb95                T_StrobeFlash
                0x000000000041bc1c                P_SpawnStrobeFlash
                0x000000000041bd00                EV_StartLightStrobing
                0x000000000041bd70                EV_TurnTagLightsOff
                0x000000000041be51                EV_LightTurnOn
                0x000000000041bf2f                T_Glow
                0x000000000041c012                P_SpawnGlowingLight
 .text          0x000000000041c0a4     0x223f build/p_map.o
                0x000000000041c0a4                PIT_StompThing
                0x000000000041c181                P_TeleportMove
                0x000000000041c37d                PIT_CheckLine
                0x000000000041c524                PIT_CheckThing
                0x000000000041c8af                P_CheckPosition
                0x000000000041cb23                P_TryMove
                0x000000000041cd6b                P_ThingHeightClip
                0x000000000041ce34                P_HitSlideLine
                0x000000000041cf8a                PTR_SlideTraverse
                0x000000000041d0b3                P_SlideMove
                0x000000000041d3fd                PTR_AimTraverse
                0x000000000041d65f                PTR_ShootTraverse
                0x000000000041daac                P_AimLineAttack
                0x000000000041dbaf                P_LineAttack
                0x000000000041dc84                PTR_UseTraverse
                0x000000000041dd39                P_UseLines
                0x000000000041dddb                PIT_RadiusAttack
                0x000000000041deee                P_RadiusAttack
                0x000000000041dfde                PIT_ChangeSector
                0x000000000041e15e                P_ChangeSector
 .text          0x000000000041e2e3     0x138d build/p_maputl.o
                0x000000000041e2e3                P_AproxDistance
                0x000000000041e339                P_PointOnLineSide
                0x000000000041e43a                P_BoxOnLineSide
                0x000000000041e5e3                P_PointOnDivlineSide
                0x000000000041e717                P_MakeDivline
                0x000000000041e762                P_InterceptVector
                0x000000000041e828                P_LineOpening
                0x000000000041e8ed                P_UnsetThingPosition
                0x000000000041ea39                P_SetThingPosition
                0x000000000041ebbd                P_BlockLinesIterator
                0x000000000041ecc2                P_BlockThingsIterator
                0x000000000041ed5c                PIT_AddLineIntercepts
                0x000000000041ef06                PIT_AddThingIntercepts
                0x000000000041f0b1                P_TraverseIntercepts
                0x000000000041f330                P_PathTraverse
 .text          0x000000000041f670     0x1cfd build/p_mobj.o
                0x000000000041f670                P_SetMobjState
                0x000000000041f741                P_ExplodeMissile
                0x000000000041f826                P_XYMovement
                0x000000000041fc78                P_ZMovement
                0x0000000000420027                P_NightmareRespawn
                0x00000000004201e1                P_MobjThinker
                0x0000000000420350                P_SpawnMobj
                0x0000000000420545                P_RemoveMobj
                0x0000000000420645                P_RespawnSpecials
                0x00000000004207f5                P_SpawnPlayer
                0x0000000000420a02                P_SpawnMapThing
                0x0000000000420d6f                P_SpawnPuff
                0x0000000000420e1f                P_SpawnBlood
                0x0000000000420eea                P_CheckMissileSpawn
                0x0000000000420fb1                P_SubstNullMobj
                0x0000000000420ff6                P_SpawnMissile
                0x00000000004211b2                P_SpawnPlayerMissile
 .text          0x000000000042136d      0x84c build/p_plats.o
                0x000000000042136d                T_PlatRaise
                0x00000000004215d2                EV_DoPlat
                0x000000000042199e                P_ActivateInStasis
                0x0000000000421a2d                EV_StopPlat
                0x0000000000421ae0                P_AddActivePlat
                0x0000000000421b35                P_RemoveActivePlat
 .text          0x0000000000421bb9     0x1569 build/p_pspr.o
                0x0000000000421bb9                P_SetPsprite
                0x0000000000421cbe                P_CalcSwing
                0x0000000000421d3f                P_BringUpWeapon
                0x0000000000421dd6                P_CheckAmmo
                0x0000000000421ff0                P_FireWeapon
                0x0000000000422076                P_DropWeapon
                0x00000000004220b6                A_WeaponReady
                0x0000000000422261                A_ReFire
                0x00000000004222dd                A_CheckReload
                0x00000000004222fc                A_Lower
                0x0000000000422389                A_Raise
                0x0000000000422400                A_GunFlash
                0x0000000000422458                A_Punch
                0x000000000042257b                A_Saw
                0x00000000004227cb                A_FireMissile
                0x0000000000422825                A_FireBFG
                0x000000000042287f                A_FirePlasma
                0x000000000042291a                P_BulletSlope
                0x00000000004229ad                P_GunShot
                0x0000000000422a4a                A_FirePistol
                0x0000000000422b1b                A_FireShotgun
                0x0000000000422bf1                A_FireShotgun2
                0x0000000000422d55                A_FireCGun
                0x0000000000422e92                A_Light0
                0x0000000000422eaf                A_Light1
                0x0000000000422ecc                A_Light2
                0x0000000000422ee9                A_BFGSpray
                0x0000000000422fe6                A_BFGsound
                0x000000000042300d                P_SetupPsprites
                0x0000000000423070                P_MovePsprites
 .text          0x0000000000423122     0x2678 build/p_saveg.o
                0x0000000000423122                P_TempSaveGameFile
                0x0000000000423160                P_SaveGameFile
                0x0000000000424a33                P_WriteSaveGameHeader
                0x0000000000424b83                P_ReadSaveGameHeader
                0x0000000000424cb0                P_ReadSaveGameEOF
                0x0000000000424ccc                P_WriteSaveGameEOF
                0x0000000000424cdd                P_ArchivePlayers
                0x0000000000424d31                P_UnArchivePlayers
                0x0000000000424dd7                P_ArchiveWorld
                0x0000000000424fa0                P_UnArchiveWorld
                0x000000000042515f                P_ArchiveThinkers
                0x00000000004251c3                P_UnArchiveThinkers
                0x0000000000425317                P_ArchiveSpecials
                0x00000000004254fe                P_UnArchiveSpecials
 .text          0x000000000042579a     0x1749 build/p_setup.o
                0x000000000042579a                P_LoadVertexes
                0x000000000042585b                GetSectorAtNullAddress
                0x00000000004258b7                P_LoadSegs
                0x0000000000425b41                P_LoadSubsectors
                0x0000000000425c1c                P_LoadSectors
                0x0000000000425d87                P_LoadNodes
                0x0000000000425f1b                P_LoadThings
                0x000000000042602f                P_LoadLineDefs
                0x0000000000426375                P_LoadSideDefs
                0x00000000004264f2                P_LoadBlockMap
                0x0000000000426644                P_GroupLines
                0x0000000000426c23                P_SetupLevel
                0x0000000000426ec8                P_Init
 .text          0x0000000000426ee3      0x7b6 build/p_sight.o
                0x0000000000426ee3                P_DivlineSide
                0x0000000000427008                P_InterceptVector2
                0x00000000004270ce                P_CrossSubsector
                0x00000000004273f5                P_CrossBSPNode
                0x00000000004274f6                P_CheckSight
 .text          0x0000000000427699     0x1c49 build/p_spec.o
                0x0000000000427699                P_InitPicAnims
                0x0000000000427887                getSide
                0x00000000004278e8                getSector
                0x000000000042794d                twoSided
                0x0000000000427989                getNextSector
                0x00000000004279ce                P_FindLowestFloorSurrounding
                0x0000000000427a52                P_FindHighestFloorSurrounding
                0x0000000000427ad4                P_FindNextHighestFloor
                0x0000000000427bf0                P_FindLowestCeilingSurrounding
                0x0000000000427c74                P_FindHighestCeilingSurrounding
                0x0000000000427cf8                P_FindSectorFromLineTag
                0x0000000000427d4e                P_FindMinSurroundingLight
                0x0000000000427dd8                P_CrossSpecialLine
                0x00000000004286cd                P_ShootSpecialLine
                0x00000000004287a7                P_PlayerInSpecialSector
                0x0000000000428979                P_UpdateSpecials
                0x0000000000428dc8                EV_DoDonut
                0x0000000000429021                P_SpawnSpecials
 .text          0x00000000004292e2      0xf2c build/p_switch.o
                0x00000000004292e2                P_InitSwitchList
                0x0000000000429427                P_StartButton
                0x0000000000429539                P_ChangeSwitchTexture
                0x00000000004297c4                P_UseSpecialLine
 .text          0x000000000042a20e      0x2ce build/p_telept.o
                0x000000000042a20e                EV_Teleport
 .text          0x000000000042a4dc      0x1cc build/p_tick.o
                0x000000000042a4dc                P_InitThinkers
                0x000000000042a4fc                P_AddThinker
                0x000000000042a53b                P_RemoveThinker
                0x000000000042a552                P_AllocateThinker
                0x000000000042a55d                P_RunThinkers
                0x000000000042a5eb                P_Ticker
 .text          0x000000000042a6a8      0x9ba build/p_user.o
                0x000000000042a6a8                P_Thrust
                0x000000000042a726                P_CalcHeight
                0x000000000042a96e                P_MovePlayer
                0x000000000042aa8f                P_DeathThink
                0x000000000042ac61                P_PlayerThink
 .text          0x000000000042b062      0xa55 build/r_bsp.o
                0x000000000042b062                R_ClearDrawSegs
                0x000000000042b074                R_ClipSolidWallSegment
                0x000000000042b21c                R_ClipPassWallSegment
                0x000000000042b2fb                R_ClearClipSegs
                0x000000000042b338                R_AddLine
                0x000000000042b59f                R_CheckBBox
                0x000000000042b840                R_Subsector
                0x000000000042b9d0                R_RenderBSPNode
 .text          0x000000000042bab7     0x170e build/r_data.o
                0x000000000042bab7                R_DrawColumnInCache
                0x000000000042bb75                R_GenerateComposite
                0x000000000042bd5c                R_GenerateLookup
                0x000000000042c05c                R_GetColumn
                0x000000000042c274                R_InitTextures
                0x000000000042c953                R_InitFlats
                0x000000000042c9f5                R_InitSpriteLumps
                0x000000000042cb67                R_InitColormaps
                0x000000000042cb95                R_InitData
                0x000000000042cbdd                R_FlatNumForName
                0x000000000042cc3f                R_CheckTextureNumForName
                0x000000000042ccd9                R_TextureNumForName
                0x000000000042cd15                R_PrecacheLevel
 .text          0x000000000042d1c5     0x116f build/r_draw.o
                0x000000000042d1c5                R_DrawColumn
                0x000000000042d2d2                R_DrawColumnLow
                0x000000000042d424                R_DrawFuzzColumn
                0x000000000042d595                R_DrawFuzzColumnLow
                0x000000000042d778                R_DrawTranslatedColumn
                0x000000000042d891                R_DrawTranslatedColumnLow
                0x000000000042da1b                R_InitTranslationTables
                0x000000000042db1e                R_DrawSpan
                0x000000000042dc60                R_DrawSpanLow
                0x000000000042ddf3                R_InitBuffer
                0x000000000042dea6                R_FillBackScreen
                0x000000000042e1dd                R_VideoErase
                0x000000000042e225                R_DrawViewBorder
 .text          0x000000000042e334      0xf4c build/r_main.o
                0x000000000042e334                R_AddPointToBox
                0x000000000042e3ad                R_PointOnSide
                0x000000000042e4db                R_PointOnSegSide
                0x000000000042e5f8                R_PointToAngle
                0x000000000042e775                R_PointToAngle2
                0x000000000042e7ac                R_PointToDist
                0x000000000042e85d                R_InitPointToAngle
                0x000000000042e864                R_ScaleFromGlobalAngle
                0x000000000042e942                R_InitTables
                0x000000000042e949                R_InitTextureMapping
                0x000000000042eb17                R_InitLightTables
                0x000000000042ebdc                R_SetViewSize
                0x000000000042ec02                R_ExecuteSetViewSize
                0x000000000042ef9a                R_Init
                0x000000000042f03d                R_PointInSubsector
                0x000000000042f0ea                R_SetupFrame
                0x000000000042f223                R_RenderPlayerView
 .text          0x000000000042f280      0x981 build/r_plane.o
                0x000000000042f280                R_InitPlanes
                0x000000000042f287                R_MapPlane
                0x000000000042f4d6                R_ClearPlanes
                0x000000000042f5a1                R_FindPlane
                0x000000000042f6b1                R_CheckPlane
                0x000000000042f7e8                R_MakeSpans
                0x000000000042f8b5                R_DrawPlanes
 .text          0x000000000042fc01     0x16c0 build/r_segs.o
                0x000000000042fc01                R_RenderMaskedSegRange
                0x000000000042ff84                R_RenderSegLoop
                0x00000000004304d5                R_StoreWallRange
 .text          0x00000000004312c1       0x11 build/r_sky.o
                0x00000000004312c1                R_InitSkyMap
 .text          0x00000000004312d2     0x1911 build/r_things.o
                0x00000000004312d2                R_InstallSpriteLump
                0x000000000043148a                R_InitSpriteDefs
                0x00000000004318b7                R_InitSprites
                0x00000000004318f7                R_ClearSprites
                0x0000000000431909                R_NewVisSprite
                0x0000000000431942                R_DrawMaskedColumn
                0x0000000000431ab8                R_DrawVisSprite
                0x0000000000431c68                R_ProjectSprite
                0x0000000000432112                R_AddSprites
                0x00000000004321d2                R_DrawPSprite
                0x000000000043253f                R_DrawPlayerSprites
                0x000000000043260f                R_SortVisSprites
                0x00000000004327a2                R_DrawSprite
                0x0000000000432b3d                R_DrawMasked
 .text          0x0000000000432be3     0x1d1f build/sha1.o
                0x0000000000432be3                SHA1_Init
                0x0000000000434317                SHA1_Update
                0x000000000043447b                SHA1_Final
                0x0000000000434881                SHA1_UpdateInt32
                0x00000000004348cc                SHA1_UpdateString
 .text          0x0000000000434902        0x0 build/sounds.o
 .text          0x0000000000434902       0x7b build/statdump.o
                0x0000000000434902                StatCopy
                0x0000000000434976                StatDump
 .text          0x000000000043497d      0x729 build/st_lib.o
                0x000000000043497d                STlib_init
                0x000000000043499a                STlib_initNum
                0x0000000000434a03                STlib_drawNum
                0x0000000000434c0f                STlib_updateNum
                0x0000000000434c44                STlib_initPercent
                0x0000000000434c9b                STlib_updatePercent
                0x0000000000434cf8                STlib_initMultIcon
                0x0000000000434d57                STlib_updateMultIcon
                0x0000000000434f24                STlib_initBinIcon
                0x0000000000434f80                STlib_updateBinIcon
 .text          0x00000000004350a6     0x1d7e build/st_stuff.o
                0x00000000004350a6                ST_refreshBackground
                0x0000000000435144                ST_Responder
                0x0000000000435966                ST_calcPainOffset
                0x00000000004359d0                ST_updateFaceWidget
                0x0000000000435dfa                ST_updateWidgets
                0x0000000000435ff3                ST_Ticker
                0x0000000000436029                ST_doPaletteStuff
                0x0000000000436172                ST_drawWidgets
                0x000000000043630b                ST_doRefresh
                0x0000000000436328                ST_diffDraw
                0x0000000000436339                ST_Drawer
                0x00000000004367d7                ST_loadGraphics
                0x00000000004367e8                ST_loadData
                0x000000000043682e                ST_unloadGraphics
                0x000000000043683f                ST_unloadData
                0x000000000043684b                ST_initData
                0x000000000043692e                ST_createWidgets
                0x0000000000436d9d                ST_Start
                0x0000000000436dc8                ST_Stop
                0x0000000000436dfd                ST_Init
 .text          0x0000000000436e24      0xc1d build/s_sound.o
                0x0000000000436e24                S_Init
                0x0000000000436f21                S_Shutdown
                0x0000000000436ffb                S_Start
                0x00000000004370fb                S_StopSound
                0x0000000000437468                S_StartSound
                0x0000000000437665                S_PauseSound
                0x0000000000437692                S_ResumeSound
                0x00000000004376bc                S_UpdateSounds
                0x0000000000437808                S_SetMusicVolume
                0x0000000000437840                S_SetSfxVolume
                0x0000000000437877                S_StartMusic
                0x0000000000437894                S_ChangeMusic
                0x00000000004379d0                S_MusicPlaying
                0x00000000004379db                S_StopMusic
 .text          0x0000000000437a41       0x47 build/tables.o
                0x0000000000437a41                SlopeDiv
 .text          0x0000000000437a88     0x1410 build/v_video.o
                0x0000000000437a88                V_MarkRect
                0x0000000000437ae6                V_CopyRect
                0x0000000000437bfb                V_SetPatchClipCallback
                0x0000000000437c11                V_DrawPatch
                0x0000000000437e1b                V_DrawPatchFlipped
                0x0000000000437fea                V_DrawPatchDirect
                0x0000000000438012                V_DrawTLPatch
                0x00000000004381ac                V_DrawXlaPatch
                0x000000000043832a                V_DrawAltTLPatch
                0x00000000004384c4                V_DrawShadowedPatch
                0x00000000004386b9                V_LoadTintTable
                0x00000000004386d6                V_LoadXlaTable
                0x00000000004386f3                V_DrawBlock
                0x00000000004387ba                V_DrawFilledBox
                0x0000000000438843                V_DrawHorizLine
                0x00000000004388a3                V_DrawVertLine
                0x0000000000438905                V_DrawBox
                0x000000000043897c                V_DrawRawScreen
                0x00000000004389a6                V_Init
                0x00000000004389ad                V_UseBuffer
                0x00000000004389c3                V_RestoreBuffer
                0x00000000004389d8                WritePCXfile
                0x0000000000438bc9                V_ScreenShot
                0x0000000000438c74                V_DrawMouseSpeedBox
 .text          0x0000000000438e98     0x2f58 build/wi_stuff.o
                0x0000000000438e98                WI_slamBackground
                0x0000000000438eb8                WI_Responder
                0x0000000000438ec7                WI_drawLF
                0x0000000000439055                WI_drawEL
                0x0000000000439130                WI_drawOnLnode
                0x0000000000439318                WI_initAnimatedBack
                0x0000000000439439                WI_updateAnimatedBack
                0x0000000000439638                WI_drawAnimatedBack
                0x00000000004396f7                WI_drawNum
                0x0000000000439827                WI_drawPercent
                0x000000000043986e                WI_drawTime
                0x000000000043995c                WI_End
                0x0000000000439968                WI_initNoState
                0x000000000043998d                WI_updateNoState
                0x00000000004399b7                WI_initShowNextLoc
                0x00000000004399e1                WI_updateShowNextLoc
                0x0000000000439a2d                WI_drawShowNextLoc
                0x0000000000439b15                WI_drawNoState
                0x0000000000439b28                WI_fragSum
                0x0000000000439bc4                WI_initDeathmatchStats
                0x0000000000439c6f                WI_updateDeathmatchStats
                0x000000000043a05f                WI_drawDeathmatchStats
                0x000000000043a2d7                WI_initNetgameStats
                0x000000000043a3c3                WI_updateNetgameStats
                0x000000000043aa33                WI_drawNetgameStats
                0x000000000043ad46                WI_initStats
                0x000000000043adb2                WI_updateStats
                0x000000000043b3b8                WI_drawStats
                0x000000000043b502                WI_checkForAccelerate
                0x000000000043b5d8                WI_Ticker
                0x000000000043bba0                WI_loadData
                0x000000000043bc5c                WI_unloadData
                0x000000000043bc6d                WI_Drawer
                0x000000000043bcc4                WI_initVariables
                0x000000000043bda8                WI_Start
 .text          0x000000000043bdf0      0x1b4 build/w_checksum.o
                0x000000000043bf29                W_Checksum
 .text          0x000000000043bfa4       0xd0 build/w_file.o
                0x000000000043bfa4                W_OpenFile
                0x000000000043c018                W_CloseFile
                0x000000000043c03b                W_Read
 .text          0x000000000043c074       0xa2 build/w_main.o
                0x000000000043c074                W_ParseCommandLine
 .text          0x000000000043c116      0xaf9 build/w_wad.o
                0x000000000043c116                W_LumpNameHash
                0x000000000043c35f                W_AddFile
                0x000000000043c5be                W_NumLumps
                0x000000000043c5ca                W_CheckNumForName
                0x000000000043c6d7                W_GetNumForName
                0x000000000043c729                W_LumpLength
                0x000000000043c773                W_ReadLump
                0x000000000043c821                W_CacheLumpNum
                0x000000000043c934                W_CacheLumpName
                0x000000000043c95f                W_ReleaseLumpNum
                0x000000000043c9e0                W_ReleaseLumpName
                0x000000000043ca02                W_GenerateHashTable
                0x000000000043cb35                W_CheckCorrectIWAD
 .text          0x000000000043cc0f      0x9cb build/z_zone.o
                0x000000000043cc0f                Z_ClearZone
                0x000000000043cca1                Z_Init
                0x000000000043cd69                Z_Free
                0x000000000043cecb                Z_Malloc
                0x000000000043d0e0                Z_FreeTags
                0x000000000043d15f                Z_DumpHeap
                0x000000000043d2a3                Z_FileDumpHeap
                0x000000000043d3d7                Z_CheckHeap
                0x000000000043d497                Z_ChangeTag2
                0x000000000043d519                Z_ChangeUser
                0x000000000043d56c                Z_FreeMemory
                0x000000000043d5cb                Z_ZoneSize
 .text          0x000000000043d5da      0x119 build/w_file_stdc.o
                0x000000000043d692                W_StdC_Read
 .text          0x000000000043d6f3      0x15e build/i_input.o
                0x000000000043d787                I_GetEvent
                0x000000000043d84a                I_InitInput
 .text          0x000000000043d851      0x7f8 build/i_video.o
                0x000000000043d851                cmap_to_rgb565
                0x000000000043d8fd                cmap_to_fb
                0x000000000043da33                I_InitGraphics
                0x000000000043dc73                I_ShutdownGraphics
                0x000000000043dc89                I_StartFrame
                0x000000000043dc90                I_StartTic
                0x000000000043dc9c                I_UpdateNoBlit
                0x000000000043dca3                I_FinishUpdate
                0x000000000043ddd0                I_ReadScreen
                0x000000000043ddfa                I_SetPalette
                0x000000000043dedb                I_GetPaletteIndex
                0x000000000043dfed                I_BeginRead
                0x000000000043dff4                I_EndRead
                0x000000000043dffb                I_SetWindowTitle
                0x000000000043e016                I_GraphicsCheckCommandLine
                0x000000000043e01d                I_SetGrabMouseCallback
                0x000000000043e028                I_EnableLoadingDisk
                0x000000000043e02f                I_BindVideoVariables
                0x000000000043e036                I_DisplayFPSDots
                0x000000000043e042                I_CheckIsScreensaver
 .text          0x000000000043e049       0x22 build/doomgeneric.o
                0x000000000043e049                dg_Create
 .text          0x000000000043e06b      0x1b6 build/doomgeneric_modoo.o
                0x000000000043e106                DG_Init
                0x000000000043e117                DG_DrawFrame
                0x000000000043e156                DG_GetKey
                0x000000000043e1e5                DG_SleepMs
                0x000000000043e206                DG_GetTicksMs
                0x000000000043e216                DG_SetWindowTitle
 .text          0x000000000043e221       0x8a ../../libc/ctype.o
                0x000000000043e221                tolower
                0x000000000043e241                toupper
                0x000000000043e261                isdigit
                0x000000000043e282                isspace
 .text          0x000000000043e2ab      0x3cb ../../libc/syscall.o
                0x000000000043e2ab                syscall_0
                0x000000000043e2d5                syscall_1
                0x000000000043e30a                syscall_2
                0x000000000043e34a                syscall_3
                0x000000000043e38f                syscall_4
                0x000000000043e3dc                open
                0x000000000043e404                read
                0x000000000043e433                pread
                0x000000000043e46d                write
                0x000000000043e49c                spawn
                0x000000000043e4c3                waitpid
                0x000000000043e4ea                pipe
                0x000000000043e509                dup2
                0x000000000043e531                stat
                0x000000000043e558                sbrk
                0x000000000043e577                get_dents
                0x000000000043e5a6                getcwd
                0x000000000043e5cd                console
                0x000000000043e5ea                screen
                0x000000000043e617                usleep
                0x000000000043e636                mstick
                0x000000000043e646                lseek
 .text          0x000000000043e676     0x24d8 ../../libc/printf.o
                0x000000000043e676                _putchar
                0x0000000000440672                printf_
                0x0000000000440755                fprintf_
                0x000000000044083e                sprintf_
                0x0000000000440901                snprintf_
                0x00000000004409c1                vprintf_
                0x00000000004409f9                vfprintf_
                0x0000000000440a35                vsnprintf_
                0x0000000000440a6f                fctprintf
 .text          0x0000000000440b4e      0x2ab ../../libc/stdlib.o
                0x0000000000440b4e                abs
                0x0000000000440b67                labs
                0x0000000000440b85                atoi
                0x0000000000440bca                atof
                0x0000000000440def                exit
 .text          0x0000000000440df9      0x782 ../../libc/string.o
                0x0000000000440df9                memcpy
                0x0000000000440e49                memset
                0x0000000000440e89                memmove
                0x0000000000440f66                memcmp
                0x0000000000440fd6                strcmp
                0x000000000044102d                strncmp
                0x000000000044108d                strlen
                0x00000000004410ba                strchr
                0x00000000004410f5                strrchr
                0x0000000000441137                strcpy
                0x000000000044118b                strncpy
                0x0000000000441206                strdup
                0x0000000000441247                strstr
                0x00000000004412a8                strcasecmp
                0x000000000044132d                strncasecmp
                0x00000000004413e1                utf8_str_to_unicode_num
 .text          0x000000000044157b      0x548 ../../libc/stdio.o
                0x000000000044157b                fopen
                0x0000000000441610                fclose
                0x000000000044161f                fflush
                0x000000000044162e                fread
                0x00000000004416cd                fwrite
                0x000000000044171e                fgetc
                0x00000000004417cd                fgets
                0x000000000044189b                fputc
                0x00000000004419fe                ftell
                0x0000000000441a33                fseek
                0x0000000000441a7b                putchar
                0x0000000000441a9f                puts
 .text          0x0000000000441ac3       0x30 ../../libc/math.o
                0x0000000000441ac3                fabs
 .text          0x0000000000441af3      0x753 ../../libc/scanf.o
                0x0000000000441af3                GetHexValue
                0x0000000000441b4f                MatchDecimal
                0x0000000000441c69                MatchHex
                0x0000000000441db5                MatchOct
                0x0000000000441eee                sscanf
 .text          0x0000000000442246      0xd7e ../../libc/malloc.o
                0x0000000000442246                RoundUpToMultipleOfFourKb
                0x0000000000442274                RoundUpToMultipleOf8
                0x000000000044229c                SetMetaField
                0x00000000004422be                GetMetaFieldFront
                0x00000000004422d6                GetRightNeighborMetaFront
                0x0000000000442311                GetRightNeighborOffset
                0x0000000000442344                GetMetaFieldBack
                0x000000000044235c                GetLeftNeighborOffset
                0x0000000000442393                GetMetaFieldBackFromStart
                0x00000000004423ce                GetMetaFieldBackFreeList
                0x00000000004423e6                GetMetaFieldBackFreeListFromStart
                0x0000000000442421                AddToFreeList
                0x0000000000442495                RemoveFromFreeList
                0x000000000044252f                MarkOccupied
                0x0000000000442582                MergeTwoBlocks
                0x000000000044269e                MarkFree
                0x0000000000442787                FindFreeBlock
                0x00000000004427f7                SplitFreeBlock
                0x00000000004429aa                InitMalloc
                0x0000000000442a29                malloc
                0x0000000000442bc8                realloc
                0x0000000000442c46                calloc
                0x0000000000442cab                free
                0x0000000000442ce8                __print_free_list
                0x0000000000442dd1                __malloc_show_status
                0x0000000000442ec3                __malloc_sanity_check
 .text          0x0000000000442fc4       0x21 ../../libc/crt0.o
                0x0000000000442fc4                _start
 *(.gnu.warning)

.fini
 *(SORT_NONE(.fini))
                [!provide]                        PROVIDE (__etext = .)
                [!provide]                        PROVIDE (_etext = .)
                [!provide]                        PROVIDE (etext = .)

.rodata         0x0000000000443000    0x1a3d2
 *(.rodata .rodata.* .gnu.linkonce.r.*)
 .rodata        0x0000000000443000       0x16 build/i_main.o
 .rodata        0x0000000000443016       0x67 build/am_map.o
 *fill*         0x000000000044307d        0x3 
 .rodata        0x0000000000443080      0x363 build/dstrings.o
 *fill*         0x00000000004433e3       0x1d 
 .rodata        0x0000000000443400      0x338 build/d_iwad.o
 .rodata        0x0000000000443738       0x6f build/d_loop.o
 *fill*         0x00000000004437a7       0x19 
 .rodata        0x00000000004437c0     0x1030 build/d_main.o
 .rodata        0x00000000004447f0       0x88 build/d_mode.o
 .rodata        0x0000000000444878      0x17d build/d_net.o
 *fill*         0x00000000004449f5        0x3 
 .rodata        0x00000000004449f8     0x20dd build/f_finale.o
 *fill*         0x0000000000446ad5        0xb 
 .rodata        0x0000000000446ae0      0x453 build/g_game.o
 *fill*         0x0000000000446f33        0x5 
 .rodata        0x0000000000446f38      0xc19 build/hu_stuff.o
 .rodata        0x0000000000447b51      0x2b2 build/info.o
 .rodata        0x0000000000447e03       0xa7 build/i_joystick.o
 *fill*         0x0000000000447eaa        0x6 
 .rodata        0x0000000000447eb0       0xdb build/i_scale.o
 .rodata        0x0000000000447f8b       0x1a build/i_sound.o
 *fill*         0x0000000000447fa5        0x3 
 .rodata        0x0000000000447fa8      0x22e build/i_system.o
 .rodata        0x00000000004481d6       0x28 build/memio.o
 *fill*         0x00000000004481fe        0x2 
 .rodata        0x0000000000448200      0xe43 build/m_config.o
 .rodata        0x0000000000449043      0x630 build/m_controls.o
 *fill*         0x0000000000449673        0x5 
 .rodata        0x0000000000449678      0x437 build/m_menu.o
 *fill*         0x0000000000449aaf        0x1 
 .rodata        0x0000000000449ab0       0xf5 build/m_misc.o
 *fill*         0x0000000000449ba5       0x1b 
 .rodata        0x0000000000449bc0      0x100 build/m_random.o
 .rodata        0x0000000000449cc0       0x60 build/p_ceilng.o
 .rodata        0x0000000000449d20      0x248 build/p_doors.o
 .rodata        0x0000000000449f68       0x3d build/p_enemy.o
 *fill*         0x0000000000449fa5        0x3 
 .rodata        0x0000000000449fa8       0x68 build/p_floor.o
 .rodata        0x000000000044a010      0x528 build/p_inter.o
 .rodata        0x000000000044a538       0x72 build/p_map.o
 *fill*         0x000000000044a5aa        0x6 
 .rodata        0x000000000044a5b0       0x2d build/p_mobj.o
 *fill*         0x000000000044a5dd        0x3 
 .rodata        0x000000000044a5e0       0x6d build/p_plats.o
 *fill*         0x000000000044a64d        0x3 
 .rodata        0x000000000044a650      0x130 build/p_saveg.o
 .rodata        0x000000000044a780       0x5a build/p_setup.o
 *fill*         0x000000000044a7da        0x6 
 .rodata        0x000000000044a7e0       0x28 build/p_sight.o
 .rodata        0x000000000044a808      0x7b8 build/p_spec.o
 .rodata        0x000000000044afc0      0x490 build/p_switch.o
 .rodata        0x000000000044b450       0x23 build/r_bsp.o
 *fill*         0x000000000044b473        0x5 
 .rodata        0x000000000044b478      0x152 build/r_data.o
 *fill*         0x000000000044b5ca        0x6 
 .rodata        0x000000000044b5d0       0xa9 build/r_draw.o
 .rodata        0x000000000044b679        0x2 build/r_main.o
 *fill*         0x000000000044b67b        0x5 
 .rodata        0x000000000044b680       0xb4 build/r_plane.o
 *fill*         0x000000000044b734        0x4 
 .rodata        0x000000000044b738       0x20 build/r_segs.o
 .rodata        0x000000000044b758      0x167 build/r_things.o
 .rodata        0x000000000044b8bf      0x191 build/sounds.o
 *fill*         0x000000000044ba50       0x10 
 .rodata        0x000000000044ba60       0x6e build/statdump.o
 .rodata        0x000000000044bace       0x5b build/st_lib.o
 *fill*         0x000000000044bb29        0x7 
 .rodata        0x000000000044bb30      0x1bb build/st_stuff.o
 *fill*         0x000000000044bceb        0x5 
 .rodata        0x000000000044bcf0       0x71 build/s_sound.o
 *fill*         0x000000000044bd61       0x1f 
 .rodata        0x000000000044bd80    0x10520 build/tables.o
                0x000000000044bd80                finetangent
                0x000000000044fd80                finesine
                0x0000000000459d80                tantoangle
                0x000000000045bda0                gammatable
 .rodata        0x000000000045c2a0      0x118 build/v_video.o
 .rodata        0x000000000045c3b8      0x10b build/wi_stuff.o
 .rodata        0x000000000045c4c3        0x6 build/w_file.o
 .rodata        0x000000000045c4c9       0x12 build/w_main.o
 *fill*         0x000000000045c4db        0x5 
 .rodata        0x000000000045c4e0      0x230 build/w_wad.o
 .rodata        0x000000000045c710      0x2ce build/z_zone.o
 .rodata        0x000000000045c9de        0x3 build/w_file_stdc.o
 *fill*         0x000000000045c9e1       0x1f 
 .rodata        0x000000000045ca00      0x100 build/i_input.o
 .rodata        0x000000000045cb00      0x19c build/i_video.o
 *fill*         0x000000000045cc9c        0x4 
 .rodata        0x000000000045cca0       0xf8 build/doomgeneric_modoo.o
 *fill*         0x000000000045cd98        0x8 
 .rodata        0x000000000045cda0      0x4e0 ../../libc/printf.o
 .rodata        0x000000000045d280       0x10 ../../libc/stdlib.o
 .rodata        0x000000000045d290        0x8 ../../libc/stdio.o
 *fill*         0x000000000045d298        0x8 
 .rodata        0x000000000045d2a0       0x10 ../../libc/math.o
 .rodata        0x000000000045d2b0      0x122 ../../libc/malloc.o

.rodata1
 *(.rodata1)

.eh_frame_hdr
 *(.eh_frame_hdr)
 *(.eh_frame_entry .eh_frame_entry.*)

.eh_frame       0x000000000045d3d8     0x8968
 *(.eh_frame)
 .eh_frame      0x000000000045d3d8       0x38 build/i_main.o
 .eh_frame      0x000000000045d410       0x20 build/dummy.o
                                         0x38 (size before relaxing)
 .eh_frame      0x000000000045d430      0x460 build/am_map.o
                                        0x478 (size before relaxing)
 .eh_frame      0x000000000045d890       0x40 build/d_event.o
                                         0x58 (size before relaxing)
 .eh_frame      0x000000000045d8d0      0x1a0 build/d_iwad.o
                                        0x1b8 (size before relaxing)
 .eh_frame      0x000000000045da70      0x200 build/d_loop.o
                                        0x218 (size before relaxing)
 .eh_frame      0x000000000045dc70      0x280 build/d_main.o
                                        0x298 (size before relaxing)
 .eh_frame      0x000000000045def0       0xc0 build/d_mode.o
                                         0xd8 (size before relaxing)
 .eh_frame      0x000000000045dfb0       0xe0 build/d_net.o
                                         0xf8 (size before relaxing)
 .eh_frame      0x000000000045e090      0x1a8 build/f_finale.o
                                        0x1c0 (size before relaxing)
 .eh_frame      0x000000000045e238      0x140 build/f_wipe.o
                                        0x158 (size before relaxing)
 .eh_frame      0x000000000045e378      0x4e8 build/g_game.o
                                        0x500 (size before relaxing)
 .eh_frame      0x000000000045e860      0x280 build/hu_lib.o
                                        0x298 (size before relaxing)
 .eh_frame      0x000000000045eae0      0x120 build/hu_stuff.o
                                        0x138 (size before relaxing)
 .eh_frame      0x000000000045ec00      0x120 build/i_cdmus.o
                                        0x138 (size before relaxing)
 .eh_frame      0x000000000045ed20       0x20 build/i_endoom.o
                                         0x38 (size before relaxing)
 .eh_frame      0x000000000045ed40       0x80 build/i_joystick.o
                                         0x98 (size before relaxing)
 .eh_frame      0x000000000045edc0      0x440 build/i_scale.o
                                        0x458 (size before relaxing)
 .eh_frame      0x000000000045f200      0x300 build/i_sound.o
                                        0x318 (size before relaxing)
 .eh_frame      0x000000000045f500      0x1c0 build/i_system.o
                                        0x1d8 (size before relaxing)
 .eh_frame      0x000000000045f6c0       0xc0 build/i_timer.o
                                         0xd8 (size before relaxing)
 .eh_frame      0x000000000045f780      0x100 build/memio.o
                                        0x118 (size before relaxing)
 .eh_frame      0x000000000045f880       0xc0 build/m_argv.o
                                         0xd8 (size before relaxing)
 .eh_frame      0x000000000045f940       0x40 build/m_bbox.o
                                         0x58 (size before relaxing)
 .eh_frame      0x000000000045f980       0x48 build/m_cheat.o
                                         0x60 (size before relaxing)
 .eh_frame      0x000000000045f9c8      0x248 build/m_config.o
                                        0x260 (size before relaxing)
 .eh_frame      0x000000000045fc10      0x120 build/m_controls.o
                                        0x138 (size before relaxing)
 .eh_frame      0x000000000045fd30       0x48 build/m_fixed.o
                                         0x60 (size before relaxing)
 .eh_frame      0x000000000045fd78      0x708 build/m_menu.o
                                        0x720 (size before relaxing)
 .eh_frame      0x0000000000460480      0x268 build/m_misc.o
                                        0x280 (size before relaxing)
 .eh_frame      0x00000000004606e8       0x60 build/m_random.o
                                         0x78 (size before relaxing)
 .eh_frame      0x0000000000460748       0xc0 build/p_ceilng.o
                                         0xd8 (size before relaxing)
 .eh_frame      0x0000000000460808       0xc0 build/p_doors.o
                                         0xd8 (size before relaxing)
 .eh_frame      0x00000000004608c8      0x848 build/p_enemy.o
                                        0x860 (size before relaxing)
 .eh_frame      0x0000000000461110       0x80 build/p_floor.o
                                         0x98 (size before relaxing)
 .eh_frame      0x0000000000461190      0x120 build/p_inter.o
                                        0x138 (size before relaxing)
 .eh_frame      0x00000000004612b0      0x160 build/p_lights.o
                                        0x178 (size before relaxing)
 .eh_frame      0x0000000000461410      0x2a8 build/p_map.o
                                        0x2c0 (size before relaxing)
 .eh_frame      0x00000000004616b8      0x228 build/p_maputl.o
                                        0x240 (size before relaxing)
 .eh_frame      0x00000000004618e0      0x230 build/p_mobj.o
                                        0x248 (size before relaxing)
 .eh_frame      0x0000000000461b10       0xc0 build/p_plats.o
                                         0xd8 (size before relaxing)
 .eh_frame      0x0000000000461bd0      0x3f8 build/p_pspr.o
                                        0x410 (size before relaxing)
 .eh_frame      0x0000000000461fc8      0x680 build/p_saveg.o
                                        0x698 (size before relaxing)
 .eh_frame      0x0000000000462648      0x1e0 build/p_setup.o
                                        0x1f8 (size before relaxing)
 .eh_frame      0x0000000000462828       0xa8 build/p_sight.o
                                         0xc0 (size before relaxing)
 .eh_frame      0x00000000004628d0      0x268 build/p_spec.o
                                        0x280 (size before relaxing)
 .eh_frame      0x0000000000462b38       0x88 build/p_switch.o
                                         0xa0 (size before relaxing)
 .eh_frame      0x0000000000462bc0       0x20 build/p_telept.o
                                         0x38 (size before relaxing)
 .eh_frame      0x0000000000462be0       0xc0 build/p_tick.o
                                         0xd8 (size before relaxing)
 .eh_frame      0x0000000000462ca0       0xa8 build/p_user.o
                                         0xc0 (size before relaxing)
 .eh_frame      0x0000000000462d48      0x100 build/r_bsp.o
                                        0x118 (size before relaxing)
 .eh_frame      0x0000000000462e48      0x1c8 build/r_data.o
                                        0x1e0 (size before relaxing)
 .eh_frame      0x0000000000463010      0x1a0 build/r_draw.o
                                        0x1b8 (size before relaxing)
 .eh_frame      0x00000000004631b0      0x220 build/r_main.o
                                        0x238 (size before relaxing)
 .eh_frame      0x00000000004633d0       0xe8 build/r_plane.o
                                        0x100 (size before relaxing)
 .eh_frame      0x00000000004634b8       0x70 build/r_segs.o
                                         0x88 (size before relaxing)
 .eh_frame      0x0000000000463528       0x20 build/r_sky.o
                                         0x38 (size before relaxing)
 .eh_frame      0x0000000000463548      0x1c8 build/r_things.o
                                        0x1e0 (size before relaxing)
 .eh_frame      0x0000000000463710       0xc0 build/sha1.o
                                         0xd8 (size before relaxing)
 .eh_frame      0x00000000004637d0       0x40 build/statdump.o
                                         0x58 (size before relaxing)
 .eh_frame      0x0000000000463810      0x140 build/st_lib.o
                                        0x158 (size before relaxing)
 .eh_frame      0x0000000000463950      0x2e0 build/st_stuff.o
                                        0x2f8 (size before relaxing)
 .eh_frame      0x0000000000463c30      0x228 build/s_sound.o
                                        0x240 (size before relaxing)
 .eh_frame      0x0000000000463e58       0x20 build/tables.o
                                         0x38 (size before relaxing)
 .eh_frame      0x0000000000463e78      0x300 build/v_video.o
                                        0x318 (size before relaxing)
 .eh_frame      0x0000000000464178      0x4d0 build/wi_stuff.o
                                        0x4e8 (size before relaxing)
 .eh_frame      0x0000000000464648       0x60 build/w_checksum.o
                                         0x78 (size before relaxing)
 .eh_frame      0x00000000004646a8       0x60 build/w_file.o
                                         0x78 (size before relaxing)
 .eh_frame      0x0000000000464708       0x20 build/w_main.o
                                         0x38 (size before relaxing)
 .eh_frame      0x0000000000464728      0x1d0 build/w_wad.o
                                        0x1e8 (size before relaxing)
 .eh_frame      0x00000000004648f8      0x180 build/z_zone.o
                                        0x198 (size before relaxing)
 .eh_frame      0x0000000000464a78       0x60 build/w_file_stdc.o
                                         0x78 (size before relaxing)
 .eh_frame      0x0000000000464ad8       0xa0 build/i_input.o
                                         0xb8 (size before relaxing)
 .eh_frame      0x0000000000464b78      0x280 build/i_video.o
                                        0x298 (size before relaxing)
 .eh_frame      0x0000000000464df8       0x20 build/doomgeneric.o
                                         0x38 (size before relaxing)
 .eh_frame      0x0000000000464e18       0xe0 build/doomgeneric_modoo.o
                                         0xf8 (size before relaxing)
 .eh_frame      0x0000000000464ef8       0x80 ../../libc/ctype.o
                                         0x98 (size before relaxing)
 .eh_frame      0x0000000000464f78      0x2c0 ../../libc/syscall.o
                                        0x2d8 (size before relaxing)
 .eh_frame      0x0000000000465238      0x2e0 ../../libc/printf.o
                                        0x2f8 (size before relaxing)
 .eh_frame      0x0000000000465518       0xa0 ../../libc/stdlib.o
                                         0xb8 (size before relaxing)
 .eh_frame      0x00000000004655b8      0x208 ../../libc/string.o
                                        0x220 (size before relaxing)
 .eh_frame      0x00000000004657c0      0x180 ../../libc/stdio.o
                                        0x198 (size before relaxing)
 .eh_frame      0x0000000000465940       0x20 ../../libc/math.o
                                         0x38 (size before relaxing)
 .eh_frame      0x0000000000465960       0xa0 ../../libc/scanf.o
                                         0xb8 (size before relaxing)
 .eh_frame      0x0000000000465a00      0x340 ../../libc/malloc.o
                                        0x358 (size before relaxing)
 *(.eh_frame.*)

.gcc_except_table
 *(.gcc_except_table .gcc_except_table.*)

.gnu_extab
 *(.gnu_extab*)

.exception_ranges
 *(.exception_ranges*)
                0x0000000000666000                . = DATA_SEGMENT_ALIGN (CONSTANT (MAXPAGESIZE), CONSTANT (COMMONPAGESIZE))

.eh_frame
 *(.eh_frame)
 *(.eh_frame.*)

.gnu_extab
 *(.gnu_extab)

.gcc_except_table
 *(.gcc_except_table .gcc_except_table.*)

.exception_ranges
 *(.exception_ranges*)

.tdata          0x0000000000666000        0x0
                [!provide]                        PROVIDE (__tdata_start = .)
 *(.tdata .tdata.* .gnu.linkonce.td.*)

.tbss
 *(.tbss .tbss.* .gnu.linkonce.tb.*)
 *(.tcommon)

.preinit_array  0x0000000000666000        0x0
                [!provide]                        PROVIDE (__preinit_array_start = .)
 *(.preinit_array)
                [!provide]                        PROVIDE (__preinit_array_end = .)

.init_array     0x0000000000666000        0x0
                [!provide]                        PROVIDE (__init_array_start = .)
 *(SORT_BY_INIT_PRIORITY(.init_array.*) SORT_BY_INIT_PRIORITY(.ctors.*))
 *(.init_array EXCLUDE_FILE(*crtend?.o *crtend.o *crtbegin?.o *crtbegin.o) .ctors)
                [!provide]                        PROVIDE (__init_array_end = .)

.fini_array     0x0000000000666000        0x0
                [!provide]                        PROVIDE (__fini_array_start = .)
 *(SORT_BY_INIT_PRIORITY(.fini_array.*) SORT_BY_INIT_PRIORITY(.dtors.*))
 *(.fini_array EXCLUDE_FILE(*crtend?.o *crtend.o *crtbegin?.o *crtbegin.o) .dtors)
                [!provide]                        PROVIDE (__fini_array_end = .)

.ctors
 *crtbegin.o(.ctors)
 *crtbegin?.o(.ctors)
 *(EXCLUDE_FILE(*crtend?.o *crtend.o) .ctors)
 *(SORT_BY_NAME(.ctors.*))
 *(.ctors)

.dtors
 *crtbegin.o(.dtors)
 *crtbegin?.o(.dtors)
 *(EXCLUDE_FILE(*crtend?.o *crtend.o) .dtors)
 *(SORT_BY_NAME(.dtors.*))
 *(.dtors)

.jcr
 *(.jcr)

.data.rel.ro
 *(.data.rel.ro.local* .gnu.linkonce.d.rel.ro.local.*)
 *(.data.rel.ro .data.rel.ro.* .gnu.linkonce.d.rel.ro.*)

.dynamic
 *(.dynamic)

.got            0x0000000000666000        0x0
 *(.got)
 .got           0x0000000000666000        0x0 build/i_main.o
 *(.igot)
                0x0000000000666000                . = DATA_SEGMENT_RELRO_END (., (SIZEOF (.got.plt) >= 0x18)?0x18:0x0)

.got.plt        0x0000000000666000        0x0
 *(.got.plt)
 .got.plt       0x0000000000666000        0x0 build/i_main.o
 *(.igot.plt)
 .igot.plt      0x0000000000666000        0x0 build/i_main.o

.data           0x0000000000666000    0x16100
 *(.data .data.* .gnu.linkonce.d.*)
 .data          0x0000000000666000        0x0 build/i_main.o
 .data          0x0000000000666000        0x0 build/dummy.o
 .data          0x0000000000666000      0x2f0 build/am_map.o
                0x0000000000666000                player_arrow
                0x0000000000666080                cheat_player_arrow
                0x0000000000666180                triangle_guy
                0x00000000006661c0                thintriangle_guy
                0x0000000000666220                cheat_amap
 .data          0x00000000006662f0        0x0 build/doomdef.o
 .data          0x00000000006662f0        0x8 build/doomstat.o
                0x00000000006662f0                gamemode
                0x00000000006662f4                gameversion
 *fill*         0x00000000006662f8        0x8 
 .data          0x0000000000666300       0x80 build/dstrings.o
                0x0000000000666300                doom1_endmsg
                0x0000000000666340                doom2_endmsg
 .data          0x0000000000666380        0x0 build/d_event.o
 .data          0x0000000000666380       0xd8 build/d_items.o
                0x0000000000666380                weaponinfo
 .data          0x0000000000666458        0x0 build/d_iwad.o
 .data          0x0000000000666458        0x1 build/d_loop.o
 *fill*         0x0000000000666459        0x7 
 .data          0x0000000000666460      0x174 build/d_main.o
                0x0000000000666460                show_endoom
                0x0000000000666464                wipegamestate
 *fill*         0x00000000006665d4        0xc 
 .data          0x00000000006665e0      0x130 build/d_mode.o
 *fill*         0x0000000000666710       0x10 
 .data          0x0000000000666720       0x20 build/d_net.o
 .data          0x0000000000666740      0x3e0 build/f_finale.o
                0x0000000000666a00                castorder
 .data          0x0000000000666b20       0x30 build/f_wipe.o
 *fill*         0x0000000000666b50       0x10 
 .data          0x0000000000666b60      0x1c0 build/g_game.o
                0x0000000000666b60                precache
                0x0000000000666b68                forwardmove
                0x0000000000666b70                sidemove
                0x0000000000666b78                angleturn
                0x0000000000666bf0                vanilla_savegame_limit
                0x0000000000666bf4                vanilla_demo_limit
                0x0000000000666c00                pars
                0x0000000000666ca0                cpars
 .data          0x0000000000666d20        0x0 build/hu_lib.o
 .data          0x0000000000666d20      0x500 build/hu_stuff.o
                0x0000000000666d20                chat_macros
                0x0000000000666d80                player_names
                0x0000000000666da0                mapnames
                0x0000000000666f20                mapnames_commercial
 .data          0x0000000000667220     0xccbc build/info.o
                0x0000000000667220                sprnames
                0x0000000000667680                states
                0x0000000000670da0                mobjinfo
 .data          0x0000000000673edc        0x0 build/i_cdmus.o
 .data          0x0000000000673edc        0x0 build/i_endoom.o
 *fill*         0x0000000000673edc        0x4 
 .data          0x0000000000673ee0       0x48 build/i_joystick.o
 *fill*         0x0000000000673f28       0x18 
 .data          0x0000000000673f40      0x1e0 build/i_scale.o
                0x0000000000673f40                mode_scale_1x
                0x0000000000673f60                mode_scale_2x
                0x0000000000673f80                mode_scale_3x
                0x0000000000673fa0                mode_scale_4x
                0x0000000000673fc0                mode_scale_5x
                0x0000000000673fe0                mode_stretch_1x
                0x0000000000674000                mode_stretch_2x
                0x0000000000674020                mode_stretch_3x
                0x0000000000674040                mode_stretch_4x
                0x0000000000674060                mode_stretch_5x
                0x0000000000674080                mode_squash_1x
                0x00000000006740a0                mode_squash_2x
                0x00000000006740c0                mode_squash_3x
                0x00000000006740e0                mode_squash_4x
                0x0000000000674100                mode_squash_5x
 .data          0x0000000000674120       0x20 build/i_sound.o
                0x0000000000674120                snd_samplerate
                0x0000000000674124                snd_cachesize
                0x0000000000674128                snd_maxslicetime_ms
                0x0000000000674130                snd_musiccmd
                0x0000000000674138                snd_musicdevice
                0x000000000067413c                snd_sfxdevice
 .data          0x0000000000674140        0x9 build/i_system.o
 .data          0x0000000000674149        0x0 build/i_timer.o
 .data          0x0000000000674149        0x0 build/memio.o
 .data          0x0000000000674149        0x0 build/m_argv.o
 .data          0x0000000000674149        0x0 build/m_bbox.o
 .data          0x0000000000674149        0x0 build/m_cheat.o
 *fill*         0x0000000000674149       0x17 
 .data          0x0000000000674160     0x1898 build/m_config.o
 .data          0x00000000006759f8      0x19c build/m_controls.o
                0x00000000006759f8                key_right
                0x00000000006759fc                key_left